[     309ms] [LOG] Duplicate agent injection detected, turning off redundant initConfig. @ https://www.te.com/dt_ICA7NVafghlqrtux_10339260603164134.js:6
[     309ms] [LOG] InitConfig not found or agent already initialized! This is an injection issue. @ https://www.te.com/dt_ICA7NVafghlqrtux_10339260603164134.js:50
[     309ms] [LOG] Duplicate agent injection detected, turning off redundant asyncCore. @ https://www.te.com/dt_ICA7NVafghlqrtux_10339260603164134.js:267
[     309ms] [LOG] WARNING: Module "7" already enabled! @ https://www.te.com/dt_ICA7NVafghlqrtux_10339260603164134.js:112
[     309ms] [LOG] WARNING: Module "N" already enabled! @ https://www.te.com/dt_ICA7NVafghlqrtux_10339260603164134.js:112
[     310ms] [LOG] WARNING: Module "V" already enabled! @ https://www.te.com/dt_ICA7NVafghlqrtux_10339260603164134.js:112
[     310ms] [LOG] WARNING: Module "a" already enabled! @ https://www.te.com/dt_ICA7NVafghlqrtux_10339260603164134.js:112
[     310ms] [LOG] WARNING: Module "f" already enabled! @ https://www.te.com/dt_ICA7NVafghlqrtux_10339260603164134.js:112
[     310ms] [LOG] WARNING: Module "g" already enabled! @ https://www.te.com/dt_ICA7NVafghlqrtux_10339260603164134.js:112
[     310ms] [LOG] WARNING: Module "h" already enabled! @ https://www.te.com/dt_ICA7NVafghlqrtux_10339260603164134.js:112
[     310ms] [LOG] WARNING: Module "l" already enabled! @ https://www.te.com/dt_ICA7NVafghlqrtux_10339260603164134.js:112
[     310ms] [LOG] WARNING: Module "q" already enabled! @ https://www.te.com/dt_ICA7NVafghlqrtux_10339260603164134.js:112
[     310ms] [LOG] WARNING: Module "r" already enabled! @ https://www.te.com/dt_ICA7NVafghlqrtux_10339260603164134.js:112
[     310ms] [LOG] WARNING: Module "t" already enabled! @ https://www.te.com/dt_ICA7NVafghlqrtux_10339260603164134.js:112
[     311ms] [LOG] WARNING: Module "u" already enabled! @ https://www.te.com/dt_ICA7NVafghlqrtux_10339260603164134.js:112
[     311ms] [LOG] WARNING: Module "x" already enabled! @ https://www.te.com/dt_ICA7NVafghlqrtux_10339260603164134.js:112
[     627ms] [WARNING] Mixed Content: The page at 'https://www.te.com/en/product-1462043-3.html' was loaded over HTTPS, but requested an insecure element 'http://consent.trustarc.com/get?name=te_logo.jpg'. This request was automatically upgraded to HTTPS, For more information see https://blog.chromium.org/2019/10/no-more-mixed-messages-about-https.html @ https://www.te.com/en/product-1462043-3.html:0
[    1487ms] [INFO] Autofocus processing was blocked because a document already has a focused element. @ https://www.te.com/en/product-1462043-3.html:0
[    2030ms] [WARNING] ym_warn :: Could not send analytics event: uid not found @ https://cdn.yellowmessenger.com/plugin/widget-v2/latest/dist/widget.min.js?v=v0.54.32_1784024707351:1
[    2035ms] [WARNING] ym_warn :: Could not send analytics event: uid not found @ https://cdn.yellowmessenger.com/plugin/widget-v2/latest/dist/widget.min.js?v=v0.54.32_1784024707351:1
