[     652ms] [LOG] Duplicate agent injection detected, turning off redundant initConfig. @ https://www.te.com/dt_ICA7NVafghlqrtux_10339260603164134.js:6
[     652ms] [LOG] InitConfig not found or agent already initialized! This is an injection issue. @ https://www.te.com/dt_ICA7NVafghlqrtux_10339260603164134.js:50
[     653ms] [LOG] Duplicate agent injection detected, turning off redundant asyncCore. @ https://www.te.com/dt_ICA7NVafghlqrtux_10339260603164134.js:267
[     653ms] [LOG] WARNING: Module "7" already enabled! @ https://www.te.com/dt_ICA7NVafghlqrtux_10339260603164134.js:112
[     653ms] [LOG] WARNING: Module "N" already enabled! @ https://www.te.com/dt_ICA7NVafghlqrtux_10339260603164134.js:112
[     653ms] [LOG] WARNING: Module "V" already enabled! @ https://www.te.com/dt_ICA7NVafghlqrtux_10339260603164134.js:112
[     653ms] [LOG] WARNING: Module "a" already enabled! @ https://www.te.com/dt_ICA7NVafghlqrtux_10339260603164134.js:112
[     653ms] [LOG] WARNING: Module "f" already enabled! @ https://www.te.com/dt_ICA7NVafghlqrtux_10339260603164134.js:112
[     653ms] [LOG] WARNING: Module "g" already enabled! @ https://www.te.com/dt_ICA7NVafghlqrtux_10339260603164134.js:112
[     653ms] [LOG] WARNING: Module "h" already enabled! @ https://www.te.com/dt_ICA7NVafghlqrtux_10339260603164134.js:112
[     653ms] [LOG] WARNING: Module "l" already enabled! @ https://www.te.com/dt_ICA7NVafghlqrtux_10339260603164134.js:112
[     653ms] [LOG] WARNING: Module "q" already enabled! @ https://www.te.com/dt_ICA7NVafghlqrtux_10339260603164134.js:112
[     653ms] [LOG] WARNING: Module "r" already enabled! @ https://www.te.com/dt_ICA7NVafghlqrtux_10339260603164134.js:112
[     653ms] [LOG] WARNING: Module "t" already enabled! @ https://www.te.com/dt_ICA7NVafghlqrtux_10339260603164134.js:112
[     653ms] [LOG] WARNING: Module "u" already enabled! @ https://www.te.com/dt_ICA7NVafghlqrtux_10339260603164134.js:112
[     653ms] [LOG] WARNING: Module "x" already enabled! @ https://www.te.com/dt_ICA7NVafghlqrtux_10339260603164134.js:112
[     826ms] [WARNING] Mixed Content: The page at 'https://www.te.com/en/product-1462043-8.html' was loaded over HTTPS, but requested an insecure element 'http://consent.trustarc.com/get?name=te_logo.jpg'. This request was automatically upgraded to HTTPS, For more information see https://blog.chromium.org/2019/10/no-more-mixed-messages-about-https.html @ https://www.te.com/en/product-1462043-8.html:0
[     953ms] [ERROR] Failed to load resource: the server responded with a status of 404 () @ https://api.te.com/api/v1/exp-tecom-commerce-api/b2c/price-inventory/products?tcpn=1462043-8&country=usa&language=en:0
[    1072ms] [ERROR] Failed to load resource: the server responded with a status of 500 () @ https://www.te.com/commerce/epd/service/preferences/trackinguuid/2dacb449-cab7-4227-bc9e-f4a2518f7b81/scope/EPD/priority/0/preferencekeydesc/recentsearches?callback=JSON_CALLBACK&_=1784394639029:0
[    1095ms] SyntaxError: Failed to execute 'appendChild' on 'Node': Unexpected token '<'
    at https://www.te.com/public/2127e88adee0ce5071ad60d0fb57d4017100113b9c14:24:413
    at Df.ba (https://www.te.com/public/2127e88adee0ce5071ad60d0fb57d4017100113b9c14:262:228)
    at Object.apply (https://www.te.com/public/2127e88adee0ce5071ad60d0fb57d4017100113b9c14:24:400)
    at D (https://www.te.com/_TEincludes/ver/1697/v2/generated-src/dist/main.js:1:350217)
    at A.globalEval (https://www.te.com/_TEincludes/ver/1697/v2/generated-src/dist/main.js:1:352256)
    at text script (https://www.te.com/_TEincludes/ver/1697/v2/generated-src/dist/main.js:1:432269)
    at https://www.te.com/_TEincludes/ver/1697/v2/generated-src/dist/main.js:1:428660
    at x (https://www.te.com/_TEincludes/ver/1697/v2/generated-src/dist/main.js:1:428777)
    at Va.<anonymous> (https://www.te.com/_TEincludes/ver/1697/v2/generated-src/dist/main.js:1:431544)
    at Va.C (https://www.te.com/_TEincludes/ver/1697/v2/generated-src/dist/polyfills.js:1:11743)
    at Object.g [as apply] (https://www.te.com/public/2127e88adee0ce5071ad60d0fb57d4017100113b9c14:27:95)
    at a.invokeTask (https://www.te.com/_TEincludes/ver/1697/v2/generated-src/dist/polyfills.js:1:7536)
    at s.runTask (https://www.te.com/_TEincludes/ver/1697/v2/generated-src/dist/polyfills.js:1:2445)
    at c.invokeTask [as invoke] (https://www.te.com/_TEincludes/ver/1697/v2/generated-src/dist/polyfills.js:1:8646)
    at y (https://www.te.com/_TEincludes/ver/1697/v2/generated-src/dist/polyfills.js:1:14907)
    at m (https://www.te.com/_TEincludes/ver/1697/v2/generated-src/dist/polyfills.js:1:15311)
    at Va.v (https://www.te.com/_TEincludes/ver/1697/v2/generated-src/dist/polyfills.js:1:15475)
    at Object.g [as apply] (https://www.te.com/public/2127e88adee0ce5071ad60d0fb57d4017100113b9c14:27:95)
    at Object.dtAWF [as aWF] (https://www.te.com/dt_ICA7NVafghlqrtux_10339260603164134.js:251:132)
    at Object.handleEventCallback (https://www.te.com/dt_ICA7NVafghlqrtux_10339260603164134.js:458:434)
    at J (https://www.te.com/dt_ICA7NVafghlqrtux_10339260603164134.js:431:361)
    at D.r.<computed> [as __zone_symbol__ON_PROPERTYload] (https://www.te.com/dt_ICA7NVafghlqrtux_10339260603164134.js:431:118)
    at XMLHttpRequest.C (https://www.te.com/_TEincludes/ver/1697/v2/generated-src/dist/polyfills.js:1:11743)
    at Object.g [as apply] (https://www.te.com/public/2127e88adee0ce5071ad60d0fb57d4017100113b9c14:27:95)
    at a.invokeTask (https://www.te.com/_TEincludes/ver/1697/v2/generated-src/dist/polyfills.js:1:7536)
    at s.runTask (https://www.te.com/_TEincludes/ver/1697/v2/generated-src/dist/polyfills.js:1:2445)
    at c.invokeTask [as invoke] (https://www.te.com/_TEincludes/ver/1697/v2/generated-src/dist/polyfills.js:1:8646)
    at y (https://www.te.com/_TEincludes/ver/1697/v2/generated-src/dist/polyfills.js:1:14907)
    at m (https://www.te.com/_TEincludes/ver/1697/v2/generated-src/dist/polyfills.js:1:15210)
    at XMLHttpRequest.v (https://www.te.com/_TEincludes/ver/1697/v2/generated-src/dist/polyfills.js:1:15475)
    at Object.g [as apply] (https://www.te.com/public/2127e88adee0ce5071ad60d0fb57d4017100113b9c14:27:95)
[    1223ms] [INFO] Autofocus processing was blocked because a document already has a focused element. @ https://www.te.com/en/product-1462043-8.html:0
[    1462ms] [WARNING] ym_warn :: Message origin not allowed @ https://cdn.yellowmessenger.com/plugin/widget-v2/latest/dist/main.min.js:1
[    1463ms] [WARNING] ym_warn :: Message origin not allowed @ https://cdn.yellowmessenger.com/plugin/widget-v2/latest/dist/main.min.js:1
[    1464ms] [WARNING] ym_warn :: Message origin not allowed @ https://cdn.yellowmessenger.com/plugin/widget-v2/latest/dist/main.min.js:1
[    1465ms] [WARNING] ym_warn :: Message origin not allowed @ https://cdn.yellowmessenger.com/plugin/widget-v2/latest/dist/main.min.js:1
[    1479ms] [WARNING] ym_warn :: Message origin not allowed @ https://cdn.yellowmessenger.com/plugin/widget-v2/latest/dist/main.min.js:1
[    1489ms] [WARNING] ym_warn :: Message origin not allowed @ https://cdn.yellowmessenger.com/plugin/widget-v2/latest/dist/main.min.js:1
[    1494ms] [WARNING] ym_warn :: Message origin not allowed @ https://cdn.yellowmessenger.com/plugin/widget-v2/latest/dist/main.min.js:1
[    1494ms] [WARNING] ym_warn :: Message origin not allowed @ https://cdn.yellowmessenger.com/plugin/widget-v2/latest/dist/main.min.js:1
[    1494ms] [WARNING] ym_warn :: Message origin not allowed @ https://cdn.yellowmessenger.com/plugin/widget-v2/latest/dist/main.min.js:1
[    1494ms] [WARNING] ym_warn :: Message origin not allowed @ https://cdn.yellowmessenger.com/plugin/widget-v2/latest/dist/main.min.js:1
[    1494ms] [WARNING] ym_warn :: Message origin not allowed @ https://cdn.yellowmessenger.com/plugin/widget-v2/latest/dist/main.min.js:1
[    1494ms] [WARNING] ym_warn :: Message origin not allowed @ https://cdn.yellowmessenger.com/plugin/widget-v2/latest/dist/main.min.js:1
[    1494ms] [WARNING] ym_warn :: Message origin not allowed @ https://cdn.yellowmessenger.com/plugin/widget-v2/latest/dist/main.min.js:1
[    1494ms] [WARNING] ym_warn :: Message origin not allowed @ https://cdn.yellowmessenger.com/plugin/widget-v2/latest/dist/main.min.js:1
[    1494ms] [WARNING] ym_warn :: Message origin not allowed @ https://cdn.yellowmessenger.com/plugin/widget-v2/latest/dist/main.min.js:1
[    1494ms] [WARNING] ym_warn :: Message origin not allowed @ https://cdn.yellowmessenger.com/plugin/widget-v2/latest/dist/main.min.js:1
[    1494ms] [WARNING] ym_warn :: Message origin not allowed @ https://cdn.yellowmessenger.com/plugin/widget-v2/latest/dist/main.min.js:1
[    1495ms] [WARNING] ym_warn :: Message origin not allowed @ https://cdn.yellowmessenger.com/plugin/widget-v2/latest/dist/main.min.js:1
[    1495ms] [WARNING] ym_warn :: Message origin not allowed @ https://cdn.yellowmessenger.com/plugin/widget-v2/latest/dist/main.min.js:1
[    1495ms] [WARNING] ym_warn :: Message origin not allowed @ https://cdn.yellowmessenger.com/plugin/widget-v2/latest/dist/main.min.js:1
[    1495ms] [WARNING] ym_warn :: Message origin not allowed @ https://cdn.yellowmessenger.com/plugin/widget-v2/latest/dist/main.min.js:1
[    1495ms] [WARNING] ym_warn :: Message origin not allowed @ https://cdn.yellowmessenger.com/plugin/widget-v2/latest/dist/main.min.js:1
[    1495ms] [WARNING] ym_warn :: Message origin not allowed @ https://cdn.yellowmessenger.com/plugin/widget-v2/latest/dist/main.min.js:1
[    1495ms] [WARNING] ym_warn :: Message origin not allowed @ https://cdn.yellowmessenger.com/plugin/widget-v2/latest/dist/main.min.js:1
[    1495ms] [WARNING] ym_warn :: Message origin not allowed @ https://cdn.yellowmessenger.com/plugin/widget-v2/latest/dist/main.min.js:1
[    1495ms] [WARNING] ym_warn :: Message origin not allowed @ https://cdn.yellowmessenger.com/plugin/widget-v2/latest/dist/main.min.js:1
[    1495ms] [WARNING] ym_warn :: Message origin not allowed @ https://cdn.yellowmessenger.com/plugin/widget-v2/latest/dist/main.min.js:1
[    1495ms] [WARNING] ym_warn :: Message origin not allowed @ https://cdn.yellowmessenger.com/plugin/widget-v2/latest/dist/main.min.js:1
[    1495ms] [WARNING] ym_warn :: Message origin not allowed @ https://cdn.yellowmessenger.com/plugin/widget-v2/latest/dist/main.min.js:1
[    1495ms] [WARNING] ym_warn :: Message origin not allowed @ https://cdn.yellowmessenger.com/plugin/widget-v2/latest/dist/main.min.js:1
[    1496ms] [WARNING] ym_warn :: Message origin not allowed @ https://cdn.yellowmessenger.com/plugin/widget-v2/latest/dist/main.min.js:1
[    1496ms] [WARNING] ym_warn :: Message origin not allowed @ https://cdn.yellowmessenger.com/plugin/widget-v2/latest/dist/main.min.js:1
[    1496ms] [WARNING] ym_warn :: Message origin not allowed @ https://cdn.yellowmessenger.com/plugin/widget-v2/latest/dist/main.min.js:1
[    1496ms] [WARNING] ym_warn :: Message origin not allowed @ https://cdn.yellowmessenger.com/plugin/widget-v2/latest/dist/main.min.js:1
[    1496ms] [WARNING] ym_warn :: Message origin not allowed @ https://cdn.yellowmessenger.com/plugin/widget-v2/latest/dist/main.min.js:1
[    1496ms] [WARNING] ym_warn :: Message origin not allowed @ https://cdn.yellowmessenger.com/plugin/widget-v2/latest/dist/main.min.js:1
[    1497ms] [WARNING] ym_warn :: Message origin not allowed @ https://cdn.yellowmessenger.com/plugin/widget-v2/latest/dist/main.min.js:1
[    1498ms] [WARNING] ym_warn :: Message origin not allowed @ https://cdn.yellowmessenger.com/plugin/widget-v2/latest/dist/main.min.js:1
[    1498ms] [WARNING] ym_warn :: Message origin not allowed @ https://cdn.yellowmessenger.com/plugin/widget-v2/latest/dist/main.min.js:1
[    1498ms] [WARNING] ym_warn :: Message origin not allowed @ https://cdn.yellowmessenger.com/plugin/widget-v2/latest/dist/main.min.js:1
[    1511ms] [WARNING] ym_warn :: Message origin not allowed @ https://cdn.yellowmessenger.com/plugin/widget-v2/latest/dist/main.min.js:1
[    1511ms] [WARNING] ym_warn :: Message origin not allowed @ https://cdn.yellowmessenger.com/plugin/widget-v2/latest/dist/main.min.js:1
[    1511ms] [WARNING] ym_warn :: Message origin not allowed @ https://cdn.yellowmessenger.com/plugin/widget-v2/latest/dist/main.min.js:1
[    1512ms] [WARNING] ym_warn :: Message origin not allowed @ https://cdn.yellowmessenger.com/plugin/widget-v2/latest/dist/main.min.js:1
[    1512ms] [WARNING] ym_warn :: Message origin not allowed @ https://cdn.yellowmessenger.com/plugin/widget-v2/latest/dist/main.min.js:1
[    1512ms] [WARNING] ym_warn :: Message origin not allowed @ https://cdn.yellowmessenger.com/plugin/widget-v2/latest/dist/main.min.js:1
[    1512ms] [WARNING] ym_warn :: Message origin not allowed @ https://cdn.yellowmessenger.com/plugin/widget-v2/latest/dist/main.min.js:1
[    1512ms] [WARNING] ym_warn :: Message origin not allowed @ https://cdn.yellowmessenger.com/plugin/widget-v2/latest/dist/main.min.js:1
[    1512ms] [WARNING] ym_warn :: Message origin not allowed @ https://cdn.yellowmessenger.com/plugin/widget-v2/latest/dist/main.min.js:1
[    1512ms] [WARNING] ym_warn :: Message origin not allowed @ https://cdn.yellowmessenger.com/plugin/widget-v2/latest/dist/main.min.js:1
[    1512ms] [WARNING] ym_warn :: Message origin not allowed @ https://cdn.yellowmessenger.com/plugin/widget-v2/latest/dist/main.min.js:1
[    1512ms] [WARNING] ym_warn :: Message origin not allowed @ https://cdn.yellowmessenger.com/plugin/widget-v2/latest/dist/main.min.js:1
[    1512ms] [WARNING] ym_warn :: Message origin not allowed @ https://cdn.yellowmessenger.com/plugin/widget-v2/latest/dist/main.min.js:1
[    1512ms] [WARNING] ym_warn :: Message origin not allowed @ https://cdn.yellowmessenger.com/plugin/widget-v2/latest/dist/main.min.js:1
[    1512ms] [WARNING] ym_warn :: Message origin not allowed @ https://cdn.yellowmessenger.com/plugin/widget-v2/latest/dist/main.min.js:1
[    1512ms] [WARNING] ym_warn :: Message origin not allowed @ https://cdn.yellowmessenger.com/plugin/widget-v2/latest/dist/main.min.js:1
[    1512ms] [WARNING] ym_warn :: Message origin not allowed @ https://cdn.yellowmessenger.com/plugin/widget-v2/latest/dist/main.min.js:1
[    1512ms] [WARNING] ym_warn :: Message origin not allowed @ https://cdn.yellowmessenger.com/plugin/widget-v2/latest/dist/main.min.js:1
[    1512ms] [WARNING] ym_warn :: Message origin not allowed @ https://cdn.yellowmessenger.com/plugin/widget-v2/latest/dist/main.min.js:1
[    1512ms] [WARNING] ym_warn :: Message origin not allowed @ https://cdn.yellowmessenger.com/plugin/widget-v2/latest/dist/main.min.js:1
[    1512ms] [WARNING] ym_warn :: Message origin not allowed @ https://cdn.yellowmessenger.com/plugin/widget-v2/latest/dist/main.min.js:1
[    1512ms] [WARNING] ym_warn :: Message origin not allowed @ https://cdn.yellowmessenger.com/plugin/widget-v2/latest/dist/main.min.js:1
[    1512ms] [WARNING] ym_warn :: Message origin not allowed @ https://cdn.yellowmessenger.com/plugin/widget-v2/latest/dist/main.min.js:1
[    1512ms] [WARNING] ym_warn :: Message origin not allowed @ https://cdn.yellowmessenger.com/plugin/widget-v2/latest/dist/main.min.js:1
[    1513ms] [WARNING] ym_warn :: Message origin not allowed @ https://cdn.yellowmessenger.com/plugin/widget-v2/latest/dist/main.min.js:1
[    1513ms] [WARNING] ym_warn :: Message origin not allowed @ https://cdn.yellowmessenger.com/plugin/widget-v2/latest/dist/main.min.js:1
[    1513ms] [WARNING] ym_warn :: Message origin not allowed @ https://cdn.yellowmessenger.com/plugin/widget-v2/latest/dist/main.min.js:1
[    1513ms] [WARNING] ym_warn :: Message origin not allowed @ https://cdn.yellowmessenger.com/plugin/widget-v2/latest/dist/main.min.js:1
[    1513ms] [WARNING] ym_warn :: Message origin not allowed @ https://cdn.yellowmessenger.com/plugin/widget-v2/latest/dist/main.min.js:1
[    1513ms] [WARNING] ym_warn :: Message origin not allowed @ https://cdn.yellowmessenger.com/plugin/widget-v2/latest/dist/main.min.js:1
[    1513ms] [WARNING] ym_warn :: Message origin not allowed @ https://cdn.yellowmessenger.com/plugin/widget-v2/latest/dist/main.min.js:1
[    1513ms] [WARNING] ym_warn :: Message origin not allowed @ https://cdn.yellowmessenger.com/plugin/widget-v2/latest/dist/main.min.js:1
[    1513ms] [WARNING] ym_warn :: Message origin not allowed @ https://cdn.yellowmessenger.com/plugin/widget-v2/latest/dist/main.min.js:1
[    1513ms] [WARNING] ym_warn :: Message origin not allowed @ https://cdn.yellowmessenger.com/plugin/widget-v2/latest/dist/main.min.js:1
[    1513ms] [WARNING] ym_warn :: Message origin not allowed @ https://cdn.yellowmessenger.com/plugin/widget-v2/latest/dist/main.min.js:1
[    1513ms] [WARNING] ym_warn :: Message origin not allowed @ https://cdn.yellowmessenger.com/plugin/widget-v2/latest/dist/main.min.js:1
[    1513ms] [WARNING] ym_warn :: Message origin not allowed @ https://cdn.yellowmessenger.com/plugin/widget-v2/latest/dist/main.min.js:1
[    1513ms] [WARNING] ym_warn :: Message origin not allowed @ https://cdn.yellowmessenger.com/plugin/widget-v2/latest/dist/main.min.js:1
[    1513ms] [WARNING] ym_warn :: Message origin not allowed @ https://cdn.yellowmessenger.com/plugin/widget-v2/latest/dist/main.min.js:1
[    1513ms] [WARNING] ym_warn :: Message origin not allowed @ https://cdn.yellowmessenger.com/plugin/widget-v2/latest/dist/main.min.js:1
[    1513ms] [WARNING] ym_warn :: Message origin not allowed @ https://cdn.yellowmessenger.com/plugin/widget-v2/latest/dist/main.min.js:1
[    1514ms] [WARNING] ym_warn :: Message origin not allowed @ https://cdn.yellowmessenger.com/plugin/widget-v2/latest/dist/main.min.js:1
[    1514ms] [WARNING] ym_warn :: Message origin not allowed @ https://cdn.yellowmessenger.com/plugin/widget-v2/latest/dist/main.min.js:1
[    1514ms] [WARNING] ym_warn :: Message origin not allowed @ https://cdn.yellowmessenger.com/plugin/widget-v2/latest/dist/main.min.js:1
[    1514ms] [WARNING] ym_warn :: Message origin not allowed @ https://cdn.yellowmessenger.com/plugin/widget-v2/latest/dist/main.min.js:1
[    1515ms] [WARNING] ym_warn :: Message origin not allowed @ https://cdn.yellowmessenger.com/plugin/widget-v2/latest/dist/main.min.js:1
[    1515ms] [WARNING] ym_warn :: Message origin not allowed @ https://cdn.yellowmessenger.com/plugin/widget-v2/latest/dist/main.min.js:1
[    1515ms] [WARNING] ym_warn :: Message origin not allowed @ https://cdn.yellowmessenger.com/plugin/widget-v2/latest/dist/main.min.js:1
[    1516ms] [WARNING] ym_warn :: Message origin not allowed @ https://cdn.yellowmessenger.com/plugin/widget-v2/latest/dist/main.min.js:1
[    1516ms] [WARNING] ym_warn :: Message origin not allowed @ https://cdn.yellowmessenger.com/plugin/widget-v2/latest/dist/main.min.js:1
[    1516ms] [WARNING] ym_warn :: Message origin not allowed @ https://cdn.yellowmessenger.com/plugin/widget-v2/latest/dist/main.min.js:1
[    1516ms] [WARNING] ym_warn :: Message origin not allowed @ https://cdn.yellowmessenger.com/plugin/widget-v2/latest/dist/main.min.js:1
[    1516ms] [WARNING] ym_warn :: Message origin not allowed @ https://cdn.yellowmessenger.com/plugin/widget-v2/latest/dist/main.min.js:1
[    1517ms] [WARNING] ym_warn :: Message origin not allowed @ https://cdn.yellowmessenger.com/plugin/widget-v2/latest/dist/main.min.js:1
[    1797ms] [WARNING] ym_warn :: Message origin not allowed @ https://cdn.yellowmessenger.com/plugin/widget-v2/latest/dist/main.min.js:1
[    1797ms] [WARNING] ym_warn :: Message origin not allowed @ https://cdn.yellowmessenger.com/plugin/widget-v2/latest/dist/main.min.js:1
[    1798ms] [WARNING] ym_warn :: Message origin not allowed @ https://cdn.yellowmessenger.com/plugin/widget-v2/latest/dist/main.min.js:1
[    1798ms] [WARNING] ym_warn :: Message origin not allowed @ https://cdn.yellowmessenger.com/plugin/widget-v2/latest/dist/main.min.js:1
[    1798ms] [WARNING] ym_warn :: Message origin not allowed @ https://cdn.yellowmessenger.com/plugin/widget-v2/latest/dist/main.min.js:1
[    1798ms] [WARNING] ym_warn :: Message origin not allowed @ https://cdn.yellowmessenger.com/plugin/widget-v2/latest/dist/main.min.js:1
[    1799ms] [WARNING] ym_warn :: Message origin not allowed @ https://cdn.yellowmessenger.com/plugin/widget-v2/latest/dist/main.min.js:1
[    1799ms] [WARNING] ym_warn :: Message origin not allowed @ https://cdn.yellowmessenger.com/plugin/widget-v2/latest/dist/main.min.js:1
[    1799ms] [WARNING] ym_warn :: Message origin not allowed @ https://cdn.yellowmessenger.com/plugin/widget-v2/latest/dist/main.min.js:1
[    1800ms] [WARNING] ym_warn :: Message origin not allowed @ https://cdn.yellowmessenger.com/plugin/widget-v2/latest/dist/main.min.js:1
[    1800ms] [WARNING] ym_warn :: Message origin not allowed @ https://cdn.yellowmessenger.com/plugin/widget-v2/latest/dist/main.min.js:1
[    1800ms] [WARNING] ym_warn :: Message origin not allowed @ https://cdn.yellowmessenger.com/plugin/widget-v2/latest/dist/main.min.js:1
